MPLINK 4.49, Linker
Linker Map File - Created Mon Jun 01 23:56:58 2020

                                 Section Info
                  Section       Type    Address   Location Size(Bytes)
                ---------  ---------  ---------  ---------  ---------
                   .org_0       code   0x000000    program   0x000000
                   .org_1       code   0x000000    program   0x00008a
      .config_2007_PIC2.O       code   0x002007    program   0x000002



                              Program Memory Usage 
                               Start         End      
                           ---------   ---------      
                            0x000000    0x000044      
                            0x002007    0x002007      
            70 out of 2182 program addresses used, program memory utilization is 3%



                              Symbols - Sorted by Name
                     Name    Address   Location    Storage File                     
                ---------  ---------  ---------  --------- ---------                
                     MAIN   0x000001    program     static C:\Users\zakharovjulus\Desktop\Downloads\assembl appl\PIC\PIC Generator 2\pic2.asm
                    Pause   0x000017    program     static C:\Users\zakharovjulus\Desktop\Downloads\assembl appl\PIC\PIC Generator 2\pic2.asm
                   Pause2   0x00001c    program     static C:\Users\zakharovjulus\Desktop\Downloads\assembl appl\PIC\PIC Generator 2\pic2.asm
                   Pause3   0x00002b    program     static C:\Users\zakharovjulus\Desktop\Downloads\assembl appl\PIC\PIC Generator 2\pic2.asm
                   Pause4   0x000021    program     static C:\Users\zakharovjulus\Desktop\Downloads\assembl appl\PIC\PIC Generator 2\pic2.asm
                   Pause5   0x000036    program     static C:\Users\zakharovjulus\Desktop\Downloads\assembl appl\PIC\PIC Generator 2\pic2.asm
                     WAIT   0x000005    program     static C:\Users\zakharovjulus\Desktop\Downloads\assembl appl\PIC\PIC Generator 2\pic2.asm
                    delay   0x00003f    program     static C:\Users\zakharovjulus\Desktop\Downloads\assembl appl\PIC\PIC Generator 2\pic2.asm
                    otraj   0x000013    program     static C:\Users\zakharovjulus\Desktop\Downloads\assembl appl\PIC\PIC Generator 2\pic2.asm



                              Symbols - Sorted by Address
                     Name    Address   Location    Storage File                     
                ---------  ---------  ---------  --------- ---------                
                     MAIN   0x000001    program     static C:\Users\zakharovjulus\Desktop\Downloads\assembl appl\PIC\PIC Generator 2\pic2.asm
                     WAIT   0x000005    program     static C:\Users\zakharovjulus\Desktop\Downloads\assembl appl\PIC\PIC Generator 2\pic2.asm
                    otraj   0x000013    program     static C:\Users\zakharovjulus\Desktop\Downloads\assembl appl\PIC\PIC Generator 2\pic2.asm
                    Pause   0x000017    program     static C:\Users\zakharovjulus\Desktop\Downloads\assembl appl\PIC\PIC Generator 2\pic2.asm
                   Pause2   0x00001c    program     static C:\Users\zakharovjulus\Desktop\Downloads\assembl appl\PIC\PIC Generator 2\pic2.asm
                   Pause4   0x000021    program     static C:\Users\zakharovjulus\Desktop\Downloads\assembl appl\PIC\PIC Generator 2\pic2.asm
                   Pause3   0x00002b    program     static C:\Users\zakharovjulus\Desktop\Downloads\assembl appl\PIC\PIC Generator 2\pic2.asm
                   Pause5   0x000036    program     static C:\Users\zakharovjulus\Desktop\Downloads\assembl appl\PIC\PIC Generator 2\pic2.asm
                    delay   0x00003f    program     static C:\Users\zakharovjulus\Desktop\Downloads\assembl appl\PIC\PIC Generator 2\pic2.asm


